14:44:22 **** Incremental Build of configuration Debug for project pcam_hdmi ****
make all 
C:/Xilinx/Vitis/2024.1/gnuwin/bin/make --no-print-directory pre-build
a9-linaro-pre-build-step
' '
C:/Xilinx/Vitis/2024.1/gnuwin/bin/make --no-print-directory main-build
'Building file: ../src/ov5640/OV5640.cpp'
'Invoking: ARM v7 g++ compiler'
arm-none-eabi-g++ -Wall -O0 -g3 -ID:/Zybo-Z7-SW/src/pcam_hdmi/src -c -fmessage-length=0 -MT"src/ov5640/OV5640.o" -mcpu=cortex-a9 -mfpu=vfpv3 -mfloat-abi=hard -ID:/EmbeddedProjects/Xilinx/zybo-z7_pcam_5c/vitis/hw_pcam/export/hw_pcam/sw/hw_pcam/standalone_domain/bspinclude/include -MMD -MP -MF"src/ov5640/OV5640.d" -MT"src/ov5640/OV5640.o" -o "src/ov5640/OV5640.o" "../src/ov5640/OV5640.cpp"
'Finished building: ../src/ov5640/OV5640.cpp'
' '
'Building file: ../src/main.cc'
'Invoking: ARM v7 g++ compiler'
arm-none-eabi-g++ -Wall -O0 -g3 -ID:/Zybo-Z7-SW/src/pcam_hdmi/src -c -fmessage-length=0 -MT"src/main.o" -mcpu=cortex-a9 -mfpu=vfpv3 -mfloat-abi=hard -ID:/EmbeddedProjects/Xilinx/zybo-z7_pcam_5c/vitis/hw_pcam/export/hw_pcam/sw/hw_pcam/standalone_domain/bspinclude/include -MMD -MP -MF"src/main.d" -MT"src/main.o" -o "src/main.o" "../src/main.cc"
'Finished building: ../src/main.cc'
' '
'Building target: pcam_hdmi.elf'
'Invoking: ARM v7 g++ linker'
arm-none-eabi-g++ -mcpu=cortex-a9 -mfpu=vfpv3 -mfloat-abi=hard -Wl,-build-id=none -specs=Xilinx.spec -Wl,-T -Wl,../src/lscript.ld -LD:/EmbeddedProjects/Xilinx/zybo-z7_pcam_5c/vitis/hw_pcam/export/hw_pcam/sw/hw_pcam/standalone_domain/bsplib/lib -o "pcam_hdmi.elf"  ./src/platform/platform.o  ./src/ov5640/OV5640.o  ./src/main.o   -Wl,--start-group,-lxil,-lgcc,-lc,-lstdc++,--end-group
'Finished building target: pcam_hdmi.elf'
' '
'Invoking: ARM v7 Print Size'
arm-none-eabi-size pcam_hdmi.elf  |tee "pcam_hdmi.elf.size"
   text	   data	    bss	    dec	    hex	filename
 648304	   3880	  29152	 681336	  a6578	pcam_hdmi.elf
'Finished building: pcam_hdmi.elf.size'
' '

14:44:24 Build Finished (took 1s.784ms)

